[2026-07-24 18:41:05][FINE] Registering style from Webapp Config: my-custom-styles.css
[2026-07-24 18:41:06][INFO] Loading resources...
[2026-07-24 18:41:06][FINE] Loading resources from: data/resourceExtensions.zip ...
[2026-07-24 18:41:06][FINE] Loading resources from: data/minecraft-client-26.2.jar ...
[2026-07-24 18:41:06][FINE] Collecting texture-keys...
[2026-07-24 18:41:06][FINE] Found 2159 texture-keys.
[2026-07-24 18:41:06][FINE] Loading textures from: data/resourceExtensions.zip ...
[2026-07-24 18:41:06][FINE] Loading textures from: data/minecraft-client-26.2.jar ...
[2026-07-24 18:41:06][FINE] Baking resources...
[2026-07-24 18:41:06][INFO] Resources loaded.
[2026-07-24 18:41:06][FINE] Loading world saves/Room World#minecraft:overworld ...
[2026-07-24 18:41:06][FINE] Loading datapack...
[2026-07-24 18:41:06][FINE] Loading datapack from: saves/Room World/datapacks/armor statues v2.8.23 (MC 26.2).zip ...
[2026-07-24 18:41:06][FINE] Loading datapack from: saves/Room World/datapacks/back v1.3.17 (MC 26.2).zip.disabled ...
[2026-07-24 18:41:06][FINE] Loading datapack from: saves/Room World/datapacks/homes v1.5.19 (MC 26.2).zip.disabled ...
[2026-07-24 18:41:06][FINE] Loading datapack from: data/resourceExtensions.zip ...
[2026-07-24 18:41:06][FINE] Loading datapack from: data/minecraft-client-26.2.jar ...
[2026-07-24 18:41:06][FINE] Baking datapack...
[2026-07-24 18:41:06][FINE] Datapack loaded.
[2026-07-24 18:41:06][INFO] Initializing Storage: 'file' (Type: 'bluemap:file')
[2026-07-24 18:41:06][INFO] Loading map 'Room_World'...
[2026-07-24 18:41:06][FINE] Loading render-state for map 'Room_World'
[2026-07-24 18:41:06][FINE] Loading textures for map 'Room_World'
[2026-07-24 18:41:06][FINE] Loading world saves/Dungeon Hub#minecraft:overworld ...
[2026-07-24 18:41:06][FINE] Loading datapack...
[2026-07-24 18:41:06][FINE] Loading datapack from: data/resourceExtensions.zip ...
[2026-07-24 18:41:06][FINE] Loading datapack from: data/minecraft-client-26.2.jar ...
[2026-07-24 18:41:06][FINE] Baking datapack...
[2026-07-24 18:41:06][FINE] Datapack loaded.
[2026-07-24 18:41:06][INFO] Loading map 'Dungeon_Hub'...
[2026-07-24 18:41:06][FINE] Loading render-state for map 'Dungeon_Hub'
[2026-07-24 18:41:06][FINE] Loading textures for map 'Dungeon_Hub'
[2026-07-24 18:41:06][INFO] Start updating 2 maps ...
[2026-07-24 18:41:06][INFO] Your maps are now all up-to-date!
[2026-07-24 18:41:06][INFO] Stopping...
[2026-07-24 18:41:06][INFO] Saving...
[2026-07-24 18:41:06][INFO] Stopped.
